[{"cid":"16","inter_space":"1","id":"88","title":"      \u552f\u54c1\u4f1a      ","list_image":"images\/actionPic\/1375326852_7779.jpeg","reward_rate":"71.4","incentive_rate":"420"},{"cid":"14","inter_space":"10","id":"118","title":" \u98de\u725b\u7f51 ","list_image":"images\/actionPic\/1400051475_4996.jpeg","reward_rate":"60","incentive_rate":"470"},{"cid":"13","inter_space":"1","id":"48","title":"             \u4eac\u4e1c\u5546\u57ce             ","list_image":"images\/actionPic\/1374117220_9581.jpeg","reward_rate":"95.2","incentive_rate":"420"},{"cid":"12","inter_space":"1","id":"45","title":"           \u4e9a\u9a6c\u900a           ","list_image":"images\/actionPic\/1373872429_8519.jpeg","reward_rate":"71.4","incentive_rate":"420"},{"cid":"4","inter_space":"1","id":"33","title":"                  \u5f53\u5f53\u7f51                  ","list_image":"images\/actionPic\/1373870588_8821.jpeg","reward_rate":"92","incentive_rate":"650"},{"cid":"3","inter_space":"1","id":"49","title":"       \u4e00\u53f7\u5e97       ","list_image":"images\/actionPic\/1374115193_5624.jpeg","reward_rate":"85.7","incentive_rate":"350"}]
